   1              		.cpu arm7tdmi
   2              		.eabi_attribute 20, 1
   3              		.eabi_attribute 21, 1
   4              		.eabi_attribute 23, 3
   5              		.eabi_attribute 24, 1
   6              		.eabi_attribute 25, 1
   7              		.eabi_attribute 26, 1
   8              		.eabi_attribute 30, 6
   9              		.eabi_attribute 34, 0
  10              		.eabi_attribute 18, 4
  11              		.file	"hps_gpio.c"
  12              		.text
  13              	.Ltext0:
  14              		.cfi_sections	.debug_frame
  15              		.global	__auto_semihosting
  16              		.bss
  17              		.align	2
  20              	__auto_semihosting:
  21 0000 00000000 		.space	4
  22              		.section	.rodata
  23              		.align	2
  24              	.LC0:
  25 0000 54657374 		.ascii	"Test Labo introduction\000"
  25      204C6162 
  25      6F20696E 
  25      74726F64 
  25      75637469 
  26              		.text
  27              		.align	2
  28              		.global	main
  29              		.syntax unified
  30              		.arm
  31              		.fpu softvfp
  33              	main:
  34              	.LFB17:
  35              		.file 1 "/home/reds/Desktop/ARE/Labo1/hps_gpio/soft/src/hps_gpio.c"
   1:/home/reds/Desktop/ARE/Labo1/hps_gpio/soft/src/hps_gpio.c **** /*****************************************************************************************
   2:/home/reds/Desktop/ARE/Labo1/hps_gpio/soft/src/hps_gpio.c ****  * HEIG-VD
   3:/home/reds/Desktop/ARE/Labo1/hps_gpio/soft/src/hps_gpio.c ****  * Haute Ecole d'Ingenerie et de Gestion du Canton de Vaud
   4:/home/reds/Desktop/ARE/Labo1/hps_gpio/soft/src/hps_gpio.c ****  * School of Business and Engineering in Canton de Vaud
   5:/home/reds/Desktop/ARE/Labo1/hps_gpio/soft/src/hps_gpio.c ****  *****************************************************************************************
   6:/home/reds/Desktop/ARE/Labo1/hps_gpio/soft/src/hps_gpio.c ****  * REDS Institute
   7:/home/reds/Desktop/ARE/Labo1/hps_gpio/soft/src/hps_gpio.c ****  * Reconfigurable Embedded Digital Systems
   8:/home/reds/Desktop/ARE/Labo1/hps_gpio/soft/src/hps_gpio.c ****  *****************************************************************************************
   9:/home/reds/Desktop/ARE/Labo1/hps_gpio/soft/src/hps_gpio.c ****  *
  10:/home/reds/Desktop/ARE/Labo1/hps_gpio/soft/src/hps_gpio.c ****  * File                 : hps_gpio.c
  11:/home/reds/Desktop/ARE/Labo1/hps_gpio/soft/src/hps_gpio.c ****  * Author               : 
  12:/home/reds/Desktop/ARE/Labo1/hps_gpio/soft/src/hps_gpio.c ****  * Date                 : 
  13:/home/reds/Desktop/ARE/Labo1/hps_gpio/soft/src/hps_gpio.c ****  *
  14:/home/reds/Desktop/ARE/Labo1/hps_gpio/soft/src/hps_gpio.c ****  * Context              : ARE Introduction lab
  15:/home/reds/Desktop/ARE/Labo1/hps_gpio/soft/src/hps_gpio.c ****  *
  16:/home/reds/Desktop/ARE/Labo1/hps_gpio/soft/src/hps_gpio.c ****  *****************************************************************************************
  17:/home/reds/Desktop/ARE/Labo1/hps_gpio/soft/src/hps_gpio.c ****  * Brief: light HPS user LED up when HPS user button pressed, for DE1-SoC board
  18:/home/reds/Desktop/ARE/Labo1/hps_gpio/soft/src/hps_gpio.c ****  *
  19:/home/reds/Desktop/ARE/Labo1/hps_gpio/soft/src/hps_gpio.c ****  *****************************************************************************************
  20:/home/reds/Desktop/ARE/Labo1/hps_gpio/soft/src/hps_gpio.c ****  * Modifications :
  21:/home/reds/Desktop/ARE/Labo1/hps_gpio/soft/src/hps_gpio.c ****  * Ver    Date        Student      Comments
  22:/home/reds/Desktop/ARE/Labo1/hps_gpio/soft/src/hps_gpio.c ****  * 
  23:/home/reds/Desktop/ARE/Labo1/hps_gpio/soft/src/hps_gpio.c ****  *
  24:/home/reds/Desktop/ARE/Labo1/hps_gpio/soft/src/hps_gpio.c **** *****************************************************************************************/
  25:/home/reds/Desktop/ARE/Labo1/hps_gpio/soft/src/hps_gpio.c **** #include <stdint.h>
  26:/home/reds/Desktop/ARE/Labo1/hps_gpio/soft/src/hps_gpio.c **** #include <stdio.h>
  27:/home/reds/Desktop/ARE/Labo1/hps_gpio/soft/src/hps_gpio.c **** int __auto_semihosting;
  28:/home/reds/Desktop/ARE/Labo1/hps_gpio/soft/src/hps_gpio.c **** 
  29:/home/reds/Desktop/ARE/Labo1/hps_gpio/soft/src/hps_gpio.c **** 
  30:/home/reds/Desktop/ARE/Labo1/hps_gpio/soft/src/hps_gpio.c **** int main(void){
  36              		.loc 1 30 0
  37              		.cfi_startproc
  38              		@ Function supports interworking.
  39              		@ args = 0, pretend = 0, frame = 0
  40              		@ frame_needed = 1, uses_anonymous_args = 0
  41 0000 00482DE9 		push	{fp, lr}
  42              		.cfi_def_cfa_offset 8
  43              		.cfi_offset 11, -8
  44              		.cfi_offset 14, -4
  45 0004 04B08DE2 		add	fp, sp, #4
  46              		.cfi_def_cfa 11, 4
  31:/home/reds/Desktop/ARE/Labo1/hps_gpio/soft/src/hps_gpio.c ****     
  32:/home/reds/Desktop/ARE/Labo1/hps_gpio/soft/src/hps_gpio.c ****     printf("Test Labo introduction\n");
  47              		.loc 1 32 0
  48 0008 14009FE5 		ldr	r0, .L3
  49 000c FEFFFFEB 		bl	puts
  33:/home/reds/Desktop/ARE/Labo1/hps_gpio/soft/src/hps_gpio.c ****     
  34:/home/reds/Desktop/ARE/Labo1/hps_gpio/soft/src/hps_gpio.c ****     /*
  35:/home/reds/Desktop/ARE/Labo1/hps_gpio/soft/src/hps_gpio.c ****     * TO DO
  36:/home/reds/Desktop/ARE/Labo1/hps_gpio/soft/src/hps_gpio.c ****     */
  37:/home/reds/Desktop/ARE/Labo1/hps_gpio/soft/src/hps_gpio.c ****     return 0;
  50              		.loc 1 37 0
  51 0010 0030A0E3 		mov	r3, #0
  38:/home/reds/Desktop/ARE/Labo1/hps_gpio/soft/src/hps_gpio.c **** 
  39:/home/reds/Desktop/ARE/Labo1/hps_gpio/soft/src/hps_gpio.c **** }
  52              		.loc 1 39 0
  53 0014 0300A0E1 		mov	r0, r3
  54 0018 04D04BE2 		sub	sp, fp, #4
  55              		.cfi_def_cfa 13, 8
  56              		@ sp needed
  57 001c 0048BDE8 		pop	{fp, lr}
  58              		.cfi_restore 14
  59              		.cfi_restore 11
  60              		.cfi_def_cfa_offset 0
  61 0020 1EFF2FE1 		bx	lr
  62              	.L4:
  63              		.align	2
  64              	.L3:
  65 0024 00000000 		.word	.LC0
  66              		.cfi_endproc
  67              	.LFE17:
  69              	.Letext0:
  70              		.file 2 "/opt/intelFPGA/18.1/University_Program/Monitor_Program/arm_tools/baremetal/lib/gcc/arm-al
  71              		.file 3 "/opt/intelFPGA/18.1/University_Program/Monitor_Program/arm_tools/baremetal/arm-altera-eab
  72              		.file 4 "/opt/intelFPGA/18.1/University_Program/Monitor_Program/arm_tools/baremetal/arm-altera-eab
  73              		.file 5 "/opt/intelFPGA/18.1/University_Program/Monitor_Program/arm_tools/baremetal/lib/gcc/arm-al
  74              		.file 6 "/opt/intelFPGA/18.1/University_Program/Monitor_Program/arm_tools/baremetal/arm-altera-eab
DEFINED SYMBOLS
                            *ABS*:00000000 hps_gpio.c
     /tmp/ccMRBOK2.s:20     .bss:00000000 __auto_semihosting
     /tmp/ccMRBOK2.s:17     .bss:00000000 $d
     /tmp/ccMRBOK2.s:23     .rodata:00000000 $d
     /tmp/ccMRBOK2.s:27     .text:00000000 $a
     /tmp/ccMRBOK2.s:33     .text:00000000 main
     /tmp/ccMRBOK2.s:65     .text:00000024 $d
                     .debug_frame:00000010 $d

UNDEFINED SYMBOLS
puts
